
Memory Configuration

Name             Origin             Length             Attributes
flash            0x08000000         0x00020000         xr
sram             0x20000000         0x00005000         xrw
*default*        0x00000000         0xffffffff

Linker script and memory map


.text           0x08000000       0xf4
 *(.vectors*)
 .vectors       0x08000000       0x18 startup.o
                0x08000000                vectors
 *(.text*)
 .text          0x08000018       0xd0 main.o
                0x08000018                main
 .text          0x080000e8        0xc startup.o
                0x080000e8                Reset_Handler

.data           0x080000f4        0x0
 .data          0x080000f4        0x0 main.o
 .data          0x080000f4        0x0 startup.o

.igot.plt       0x080000f4        0x0
 .igot.plt      0x00000000        0x0 main.o

.glue_7         0x080000f4        0x0
 .glue_7        0x00000000        0x0 linker stubs

.glue_7t        0x080000f4        0x0
 .glue_7t       0x00000000        0x0 linker stubs

.vfp11_veneer   0x080000f4        0x0
 .vfp11_veneer  0x00000000        0x0 linker stubs

.v4_bx          0x080000f4        0x0
 .v4_bx         0x00000000        0x0 linker stubs

.iplt           0x080000f4        0x0
 .iplt          0x00000000        0x0 main.o

.rel.dyn        0x080000f4        0x0
 .rel.iplt      0x00000000        0x0 main.o

.bss            0x20000000        0x0
 *(.bss*)
 .bss           0x20000000        0x0 main.o
 .bss           0x20000000        0x0 startup.o
LOAD main.o
LOAD startup.o
OUTPUT(unit3_Lesson4_cortexM4.elf elf32-littlearm)

.debug_info     0x00000000      0x11a
 .debug_info    0x00000000       0x65 main.o
 .debug_info    0x00000065       0xb5 startup.o

.debug_abbrev   0x00000000       0xca
 .debug_abbrev  0x00000000       0x5a main.o
 .debug_abbrev  0x0000005a       0x70 startup.o

.debug_loc      0x00000000       0x64
 .debug_loc     0x00000000       0x38 main.o
 .debug_loc     0x00000038       0x2c startup.o

.debug_aranges  0x00000000       0x40
 .debug_aranges
                0x00000000       0x20 main.o
 .debug_aranges
                0x00000020       0x20 startup.o

.debug_line     0x00000000       0xe5
 .debug_line    0x00000000       0x63 main.o
 .debug_line    0x00000063       0x82 startup.o

.debug_str      0x00000000       0xe2
 .debug_str     0x00000000       0x60 main.o
                                 0x72 (size before relaxing)
 .debug_str     0x00000060       0x82 startup.o
                                 0xfe (size before relaxing)

.comment        0x00000000       0x11
 .comment       0x00000000       0x11 main.o
                                 0x12 (size before relaxing)
 .comment       0x00000000       0x12 startup.o

.ARM.attributes
                0x00000000       0x33
 .ARM.attributes
                0x00000000       0x33 main.o
 .ARM.attributes
                0x00000033       0x33 startup.o

.debug_frame    0x00000000       0x54
 .debug_frame   0x00000000       0x2c main.o
 .debug_frame   0x0000002c       0x28 startup.o
